{
  "creation_in_process_asgi": {
    "n": 200,
    "p50_ms": 7.756799997878261,
    "p95_ms": 8.847999997669831,
    "max_ms": 10.653600002115127
  },
  "event_commit_to_browser_observed": {
    "n": 200,
    "p50_ms": 306.34989999816753,
    "p95_ms": 819.3446999939624,
    "max_ms": 830.4189999980736
  },
  "cancel_repository_confirmation": {
    "n": 30,
    "p50_ms": 2.9453999959514476,
    "p95_ms": 3.298000003269408,
    "max_ms": 3.436499995586928
  },
  "process_tree_stop_after_confirmation": {
    "n": 30,
    "p50_ms": 48.61150000215275,
    "p95_ms": 96.88550000282703,
    "max_ms": 109.04800000571413
  },
  "expired_lease_recovery_without_waiting_for_ttl": {
    "n": 30,
    "p50_ms": 4.991399997379631,
    "p95_ms": 5.7194999972125515,
    "max_ms": 6.607399998756591
  }
}
