{
  "creation_in_process_asgi": {
    "n": 200,
    "p50_ms": 4.9878999998327345,
    "p95_ms": 5.876099996385165,
    "max_ms": 9.671699997852556
  },
  "event_commit_to_browser_observed": {
    "n": 200,
    "p50_ms": 318.8310999976238,
    "p95_ms": 831.7379000000074,
    "max_ms": 839.7302000012132
  },
  "cancel_repository_confirmation": {
    "n": 30,
    "p50_ms": 4.5889000030001625,
    "p95_ms": 6.079300001147203,
    "max_ms": 6.198000002768822
  },
  "process_tree_stop_after_confirmation": {
    "n": 30,
    "p50_ms": 55.97000000125263,
    "p95_ms": 116.09250000037719,
    "max_ms": 130.5627999972785
  },
  "expired_lease_recovery_without_waiting_for_ttl": {
    "n": 30,
    "p50_ms": 7.670500002859626,
    "p95_ms": 11.754400002246257,
    "max_ms": 12.23990000289632
  }
}
