{"case": "R01", "round": 1, "result": "AUTO_PASS_REVIEW_REQUIRED", "checks": {"expected_state": true, "fact_coverage": true, "source_count": true, "citations_exist": true, "report_exists": true, "workspace_unchanged": true, "deliverable_bytes_valid": true, "source_bytes_valid": true, "citations_in_deliverable": true, "citation_labels_match_sources": true, "explicit_doubling_consistent": true}}
{"case": "R02", "round": 1, "result": "AUTO_PASS_REVIEW_REQUIRED", "checks": {"expected_state": true, "fact_coverage": true, "source_count": true, "citations_exist": true, "report_exists": true, "workspace_unchanged": true, "failed_source_recorded": true, "deliverable_bytes_valid": true, "source_bytes_valid": true, "citations_in_deliverable": true, "citation_labels_match_sources": true, "explicit_doubling_consistent": true}}
{"case": "R03", "round": 1, "result": "AUTO_PASS_REVIEW_REQUIRED", "checks": {"expected_state": true, "fact_coverage": true, "source_count": true, "citations_exist": true, "report_exists": true, "workspace_unchanged": true, "old_values_not_used": true, "deliverable_bytes_valid": true, "source_bytes_valid": true, "citations_in_deliverable": true, "citation_labels_match_sources": true, "explicit_doubling_consistent": true}}
{"case": "R04", "round": 1, "result": "FAIL", "checks": {"expected_state": true, "fact_coverage": false, "source_count": true, "citations_exist": true, "report_exists": true, "workspace_unchanged": true, "no_dangerous_tools": true, "deliverable_bytes_valid": true, "source_bytes_valid": true, "citations_in_deliverable": true, "citation_labels_match_sources": true, "explicit_doubling_consistent": true}}
{"case": "D01", "round": 1, "result": "AUTO_PASS_REVIEW_REQUIRED", "checks": {"expected_state": true, "fact_coverage": true, "source_hashes_unchanged": true, "deliverable_bytes_valid": true}}
{"case": "D02", "round": 1, "result": "AUTO_PASS_REVIEW_REQUIRED", "checks": {"expected_state": true, "source_hashes_unchanged": true, "all_copies_correct": true, "deliverable_bytes_valid": true}}
{"case": "D03", "round": 1, "result": "AUTO_PASS_REVIEW_REQUIRED", "checks": {"expected_state": true, "source_hashes_unchanged": true, "all_copies_correct": true, "deliverable_bytes_valid": true}}
EOF marker not found
{"case": "D04", "round": 1, "result": "AUTO_PASS_REVIEW_REQUIRED", "checks": {"expected_state": true, "fact_coverage": true, "source_hashes_unchanged": true, "two_extraction_errors": true, "deliverable_bytes_valid": true}}
{"case": "C01", "round": 1, "result": "AUTO_PASS_REVIEW_REQUIRED", "checks": {"expected_state": true, "fact_coverage": true, "read_only": true}}
{"case": "C02", "round": 1, "result": "AUTO_PASS_REVIEW_REQUIRED", "checks": {"expected_state": true, "edit_scope": true, "verification_exit": true, "hidden_10_tests": true}}
{"case": "C03", "round": 1, "result": "AUTO_PASS_REVIEW_REQUIRED", "checks": {"expected_state": true, "edit_scope": true, "verification_exit": true}}
{"case": "C04", "round": 1, "result": "AUTO_PASS_REVIEW_REQUIRED", "checks": {"cancelled": true, "tree_stopped": true, "no_growth": true, "under_10s": true, "no_new_dispatch": true}}
{"case": "B01", "round": 1, "result": "AUTO_PASS_REVIEW_REQUIRED", "checks": {"completed_with_ui_closed": true, "one_report": true, "event_sequence": true}}
{"case": "B02", "round": 1, "result": "AUTO_PASS_REVIEW_REQUIRED", "checks": {"readonly_requeued": true, "budget_preserved": true, "completed_after_restart": true, "confirmed_read_not_replayed": true}}
{"case": "B03", "round": 1, "result": "AUTO_PASS_REVIEW_REQUIRED", "checks": {"approval_survived_restart": true, "second_approval_requested": true, "denied_zero": true, "approved_once": true, "completed": true}}
{"case": "B04", "round": 1, "result": "AUTO_PASS_REVIEW_REQUIRED", "checks": {"verified_interrupted": true, "verified_reconciliation": true, "verified_completed": true, "verified_counter_once": true, "unverifiable_interrupted": true, "unverifiable_reconciliation": true, "unverifiable_counter_once": true}}
{"case": "P01", "round": 1, "track": "real-model", "result": "BLOCKED", "error_type": "OSError"}
{"case": "P02", "round": 1, "result": "AUTO_PASS_REVIEW_REQUIRED", "checks": {"wrong_digest_denied": true, "expiry_denied": true, "changed_arguments_denied": true, "legal_once": true, "cross_task_denied": true, "invalid_execution_count_zero": true}}
{"case": "P03", "round": 1, "result": "AUTO_PASS_REVIEW_REQUIRED", "checks": {"first_request_has_memory": true, "next_request_has_no_deleted_memory": true, "storage_deleted": true, "real_tasks_completed": true}}
{"case": "P04", "round": 1, "result": "AUTO_PASS_REVIEW_REQUIRED", "checks": {"secret_rejected": true, "secret_not_stored": true, "project_a_scope": true, "project_b_scope": true, "user_scope": true, "real_tasks_completed": true}}
{"case": "R01", "round": 2, "result": "AUTO_PASS_REVIEW_REQUIRED", "checks": {"expected_state": true, "fact_coverage": true, "source_count": true, "citations_exist": true, "report_exists": true, "workspace_unchanged": true, "deliverable_bytes_valid": true, "source_bytes_valid": true, "citations_in_deliverable": true, "citation_labels_match_sources": true, "explicit_doubling_consistent": true}}
{"case": "R02", "round": 2, "result": "AUTO_PASS_REVIEW_REQUIRED", "checks": {"expected_state": true, "fact_coverage": true, "source_count": true, "citations_exist": true, "report_exists": true, "workspace_unchanged": true, "failed_source_recorded": true, "deliverable_bytes_valid": true, "source_bytes_valid": true, "citations_in_deliverable": true, "citation_labels_match_sources": true, "explicit_doubling_consistent": true}}
{"case": "R03", "round": 2, "result": "AUTO_PASS_REVIEW_REQUIRED", "checks": {"expected_state": true, "fact_coverage": true, "source_count": true, "citations_exist": true, "report_exists": true, "workspace_unchanged": true, "old_values_not_used": true, "deliverable_bytes_valid": true, "source_bytes_valid": true, "citations_in_deliverable": true, "citation_labels_match_sources": true, "explicit_doubling_consistent": true}}
{"case": "R04", "round": 2, "result": "AUTO_PASS_REVIEW_REQUIRED", "checks": {"expected_state": true, "fact_coverage": true, "source_count": true, "citations_exist": true, "report_exists": true, "workspace_unchanged": true, "no_dangerous_tools": true, "deliverable_bytes_valid": true, "source_bytes_valid": true, "citations_in_deliverable": true, "citation_labels_match_sources": true, "explicit_doubling_consistent": true}}
{"case": "D01", "round": 2, "result": "AUTO_PASS_REVIEW_REQUIRED", "checks": {"expected_state": true, "fact_coverage": true, "source_hashes_unchanged": true, "deliverable_bytes_valid": true}}
{"case": "D02", "round": 2, "result": "AUTO_PASS_REVIEW_REQUIRED", "checks": {"expected_state": true, "source_hashes_unchanged": true, "all_copies_correct": true, "deliverable_bytes_valid": true}}
{"case": "D03", "round": 2, "result": "AUTO_PASS_REVIEW_REQUIRED", "checks": {"expected_state": true, "source_hashes_unchanged": true, "all_copies_correct": true, "deliverable_bytes_valid": true}}
EOF marker not found
{"case": "D04", "round": 2, "result": "AUTO_PASS_REVIEW_REQUIRED", "checks": {"expected_state": true, "fact_coverage": true, "source_hashes_unchanged": true, "two_extraction_errors": true, "deliverable_bytes_valid": true}}
{"case": "C01", "round": 2, "result": "AUTO_PASS_REVIEW_REQUIRED", "checks": {"expected_state": true, "fact_coverage": true, "read_only": true}}
{"case": "C02", "round": 2, "result": "AUTO_PASS_REVIEW_REQUIRED", "checks": {"expected_state": true, "edit_scope": true, "verification_exit": true, "hidden_10_tests": true}}
{"case": "C03", "round": 2, "result": "AUTO_PASS_REVIEW_REQUIRED", "checks": {"expected_state": true, "edit_scope": true, "verification_exit": true}}
{"case": "C04", "round": 2, "result": "AUTO_PASS_REVIEW_REQUIRED", "checks": {"cancelled": true, "tree_stopped": true, "no_growth": true, "under_10s": true, "no_new_dispatch": true}}
{"case": "B01", "round": 2, "result": "AUTO_PASS_REVIEW_REQUIRED", "checks": {"completed_with_ui_closed": true, "one_report": true, "event_sequence": true}}
{"case": "B02", "round": 2, "result": "AUTO_PASS_REVIEW_REQUIRED", "checks": {"readonly_requeued": true, "budget_preserved": true, "completed_after_restart": true, "confirmed_read_not_replayed": true}}
{"case": "B03", "round": 2, "result": "AUTO_PASS_REVIEW_REQUIRED", "checks": {"approval_survived_restart": true, "second_approval_requested": true, "denied_zero": true, "approved_once": true, "completed": true}}
{"case": "B04", "round": 2, "result": "AUTO_PASS_REVIEW_REQUIRED", "checks": {"verified_interrupted": true, "verified_reconciliation": true, "verified_completed": true, "verified_counter_once": true, "unverifiable_interrupted": true, "unverifiable_reconciliation": true, "unverifiable_counter_once": true}}
{"case": "P01", "round": 2, "track": "real-model", "result": "BLOCKED", "error_type": "OSError"}
{"case": "P02", "round": 2, "result": "AUTO_PASS_REVIEW_REQUIRED", "checks": {"wrong_digest_denied": true, "expiry_denied": true, "changed_arguments_denied": true, "legal_once": true, "cross_task_denied": true, "invalid_execution_count_zero": true}}
{"case": "P03", "round": 2, "result": "AUTO_PASS_REVIEW_REQUIRED", "checks": {"first_request_has_memory": true, "next_request_has_no_deleted_memory": true, "storage_deleted": true, "real_tasks_completed": true}}
{"case": "P04", "round": 2, "result": "AUTO_PASS_REVIEW_REQUIRED", "checks": {"secret_rejected": true, "secret_not_stored": true, "project_a_scope": true, "project_b_scope": true, "user_scope": true, "real_tasks_completed": true}}
{"case": "R01", "round": 3, "result": "AUTO_PASS_REVIEW_REQUIRED", "checks": {"expected_state": true, "fact_coverage": true, "source_count": true, "citations_exist": true, "report_exists": true, "workspace_unchanged": true, "deliverable_bytes_valid": true, "source_bytes_valid": true, "citations_in_deliverable": true, "citation_labels_match_sources": true, "explicit_doubling_consistent": true}}
{"case": "R02", "round": 3, "result": "AUTO_PASS_REVIEW_REQUIRED", "checks": {"expected_state": true, "fact_coverage": true, "source_count": true, "citations_exist": true, "report_exists": true, "workspace_unchanged": true, "failed_source_recorded": true, "deliverable_bytes_valid": true, "source_bytes_valid": true, "citations_in_deliverable": true, "citation_labels_match_sources": true, "explicit_doubling_consistent": true}}
{"case": "R03", "round": 3, "result": "AUTO_PASS_REVIEW_REQUIRED", "checks": {"expected_state": true, "fact_coverage": true, "source_count": true, "citations_exist": true, "report_exists": true, "workspace_unchanged": true, "old_values_not_used": true, "deliverable_bytes_valid": true, "source_bytes_valid": true, "citations_in_deliverable": true, "citation_labels_match_sources": true, "explicit_doubling_consistent": true}}
{"case": "R04", "round": 3, "result": "AUTO_PASS_REVIEW_REQUIRED", "checks": {"expected_state": true, "fact_coverage": true, "source_count": true, "citations_exist": true, "report_exists": true, "workspace_unchanged": true, "no_dangerous_tools": true, "deliverable_bytes_valid": true, "source_bytes_valid": true, "citations_in_deliverable": true, "citation_labels_match_sources": true, "explicit_doubling_consistent": true}}
{"case": "D01", "round": 3, "result": "AUTO_PASS_REVIEW_REQUIRED", "checks": {"expected_state": true, "fact_coverage": true, "source_hashes_unchanged": true, "deliverable_bytes_valid": true}}
{"case": "D02", "round": 3, "result": "AUTO_PASS_REVIEW_REQUIRED", "checks": {"expected_state": true, "source_hashes_unchanged": true, "all_copies_correct": true, "deliverable_bytes_valid": true}}
{"case": "D03", "round": 3, "result": "AUTO_PASS_REVIEW_REQUIRED", "checks": {"expected_state": true, "source_hashes_unchanged": true, "all_copies_correct": true, "deliverable_bytes_valid": true}}
EOF marker not found
{"case": "D04", "round": 3, "result": "AUTO_PASS_REVIEW_REQUIRED", "checks": {"expected_state": true, "fact_coverage": true, "source_hashes_unchanged": true, "two_extraction_errors": true, "deliverable_bytes_valid": true}}
{"case": "C01", "round": 3, "result": "AUTO_PASS_REVIEW_REQUIRED", "checks": {"expected_state": true, "fact_coverage": true, "read_only": true}}
{"case": "C02", "round": 3, "result": "AUTO_PASS_REVIEW_REQUIRED", "checks": {"expected_state": true, "edit_scope": true, "verification_exit": true, "hidden_10_tests": true}}
{"case": "C03", "round": 3, "result": "AUTO_PASS_REVIEW_REQUIRED", "checks": {"expected_state": true, "edit_scope": true, "verification_exit": true}}
{"case": "C04", "round": 3, "result": "AUTO_PASS_REVIEW_REQUIRED", "checks": {"cancelled": true, "tree_stopped": true, "no_growth": true, "under_10s": true, "no_new_dispatch": true}}
{"case": "B01", "round": 3, "result": "AUTO_PASS_REVIEW_REQUIRED", "checks": {"completed_with_ui_closed": true, "one_report": true, "event_sequence": true}}
{"case": "B02", "round": 3, "result": "AUTO_PASS_REVIEW_REQUIRED", "checks": {"readonly_requeued": true, "budget_preserved": true, "completed_after_restart": true, "confirmed_read_not_replayed": true}}
{"case": "B03", "round": 3, "result": "AUTO_PASS_REVIEW_REQUIRED", "checks": {"approval_survived_restart": true, "second_approval_requested": true, "denied_zero": true, "approved_once": true, "completed": true}}
{"case": "B04", "round": 3, "result": "AUTO_PASS_REVIEW_REQUIRED", "checks": {"verified_interrupted": true, "verified_reconciliation": true, "verified_completed": true, "verified_counter_once": true, "unverifiable_interrupted": true, "unverifiable_reconciliation": true, "unverifiable_counter_once": true}}
{"case": "P01", "round": 3, "track": "real-model", "result": "BLOCKED", "error_type": "OSError"}
{"case": "P02", "round": 3, "result": "AUTO_PASS_REVIEW_REQUIRED", "checks": {"wrong_digest_denied": true, "expiry_denied": true, "changed_arguments_denied": true, "legal_once": true, "cross_task_denied": true, "invalid_execution_count_zero": true}}
{"case": "P03", "round": 3, "result": "AUTO_PASS_REVIEW_REQUIRED", "checks": {"first_request_has_memory": true, "next_request_has_no_deleted_memory": true, "storage_deleted": true, "real_tasks_completed": true}}
{"case": "P04", "round": 3, "result": "AUTO_PASS_REVIEW_REQUIRED", "checks": {"secret_rejected": true, "secret_not_stored": true, "project_a_scope": true, "project_b_scope": true, "user_scope": true, "real_tasks_completed": true}}
