{
  "creation_in_process_asgi": {
    "n": 200,
    "p50_ms": 3.8413000002037734,
    "p95_ms": 5.208999995375052,
    "max_ms": 7.233199998154305
  },
  "event_commit_to_browser_observed": {
    "n": 200,
    "p50_ms": 317.94259999878705,
    "p95_ms": 831.4249999966705,
    "max_ms": 842.50400000019
  },
  "cancel_repository_confirmation": {
    "n": 30,
    "p50_ms": 3.713199999765493,
    "p95_ms": 5.779300001449883,
    "max_ms": 7.281400001375005
  },
  "process_tree_stop_after_confirmation": {
    "n": 30,
    "p50_ms": 65.70320000173524,
    "p95_ms": 119.42639999324456,
    "max_ms": 130.522600011318
  },
  "expired_lease_recovery_without_waiting_for_ttl": {
    "n": 30,
    "p50_ms": 5.830400012200698,
    "p95_ms": 7.467300005373545,
    "max_ms": 8.511399995768443
  }
}
