{
  "creation_in_process_asgi": {
    "n": 200,
    "p50_ms": 5.734099991968833,
    "p95_ms": 6.600299995625392,
    "max_ms": 7.400000002235174
  },
  "event_commit_to_browser_observed": {
    "n": 200,
    "p50_ms": 324.15680000849534,
    "p95_ms": 835.2438000001712,
    "max_ms": 841.7939000064507
  },
  "cancel_repository_confirmation": {
    "n": 30,
    "p50_ms": 2.0711999968625605,
    "p95_ms": 2.984100006869994,
    "max_ms": 4.913099997793324
  },
  "process_tree_stop_after_confirmation": {
    "n": 30,
    "p50_ms": 49.31679999572225,
    "p95_ms": 93.39059999911115,
    "max_ms": 128.76459999824874
  },
  "expired_lease_recovery_without_waiting_for_ttl": {
    "n": 30,
    "p50_ms": 3.1900000030873343,
    "p95_ms": 3.848200009088032,
    "max_ms": 5.98270000773482
  }
}
